error: expected `builder(each = "...")`
  --> tests/08-unrecognized-attribute.rs:19:10
   |
19 | #[derive(Builder)]
   |          ^^^^^^^
   |
   = note: this error originates in the derive macro `Builder` (in Nightly builds, run with -Z macro-backtrace for more info)
